{
  "param_config": "weaver-file-level-param",
  "params": {
    "param_config": "weaver-file-level-param",
    "shared_1": [
      "1",
      "2",
      "3"
    ],
    "shared_2": false,
    "template_name": "test2",
    "test_2": true
  },
  "shared_1": [
    "1",
    "2",
    "3"
  ],
  "shared_2": false,
  "template_name": "test2",
  "test_2": true
}